Command: /home/taci/.espressif/python_env/idf6.0_py3.14_env/bin/python /home/taci/.espressif/v6.0.1/esp-idf/tools/idf_monitor.py -p /dev/ttyUSB0 -b 115200 --toolchain-prefix xtensa-esp32-elf- --target esp32 --revision 0 /home/taci/unlp/iot/async-web-server/build/async-web-server.elf /home/taci/unlp/iot/async-web-server/build/bootloader/bootloader.elf -m '/home/taci/.espressif/python_env/idf6.0_py3.14_env/bin/python' '/home/taci/.espressif/v6.0.1/esp-idf/tools/idf.py'
len 00026790 (153 K�ets Jul 29 2019 12:21:46

rst:0x1 (POWERON_RESET),boot:0x17 (SPI_FAST_FLASH_BOOT)
configsip: 0, SPIWP:0xee
clk_drv:0x00,q_drv:0x00,d_drv:0x00,cs0_drv:0x00,hd_drv:0x00,wp_drv:0x00
mode:DIO, clock div:2
load:0x3fff0040,len:6272
load:0x40078000,len:15848
load:0x40080400,len:3920
entry 0x40080644
[0;32mI (27) boot: ESP-IDF v6.0.1-dirty 2nd stage bootloader[0m
[0;32mI (27) boot: compile time Apr 28 2026 22:44:37[0m
[0;32mI (28) boot: Multicore bootloader[0m
[0;32mI (29) boot: chip revision: v3.1[0m
[0;32mI (32) boot.esp32: SPI Speed      : 40MHz[0m
[0;32mI (36) boot.esp32: SPI Mode       : DIO[0m
[0;32mI (39) boot.esp32: SPI Flash Size : 2MB[0m
[0;32mI (43) boot: Enabling RNG early entropy source...[0m
[0;32mI (47) boot: Partition Table:[0m
[0;32mI (50) boot: ## Label            Usage          Type ST Offset   Length[0m
[0;32mI (56) boot:  0 nvs              WiFi data        01 02 00009000 00006000[0m
[0;32mI (63) boot:  1 phy_init         RF data          01 01 0000f000 00001000[0m
[0;32mI (69) boot:  2 factory          factory app      00 00 00010000 00100000[0m
[0;32mI (76) boot:  3 spiffs           Unknown data     01 82 00110000 000ef000[0m
[0;32mI (82) boot: End of partition table[0m
[0;32mI (86) esp_image: segment 0: paddr=00010020 vaddr=3f400020 size=20d50h (134480) map[0m
[0;32mI (141) esp_image: segment 1: paddr=00030d78 vaddr=3ffb0000 size=045a8h ( 17832) load[0m
[0;32mI (148) esp_image: segment 2: paddr=00035328 vaddr=40080000 size=0acf0h ( 44272) load[0m
[0;32mI (167) esp_image: segment 3: paddr=00040020 vaddr=400d0020 size=a8a7ch (690812) map[0m
[0;32mI (413) esp_image: segment 4: paddr=000e8aa4 vaddr=4008acf0 size=0a980h ( 43392) load[0m
[0;32mI (431) esp_image: segment 5: paddr=000f342c vaddr=50000000 size=00028h (    40) load[0m
[0;32mI (442) boot: Loaded app from partition at offset 0x10000[0m
[0;32mI (442) boot: Disabling RNG early entropy source...[0m
[0;32mI (453) cpu_start: Multicore app[0m
[0;32mI (461) cpu_start: GPIO 3 and 1 are used as console UART I/O pins[0m
[0;32mI (461) cpu_start: Pro cpu start user code[0m
[0;32mI (461) cpu_start: cpu freq: 160000000 Hz[0m
[0;32mI (463) app_init: Application information:[0m
[0;32mI (467) app_init: Project name:     async-web-server[0m
[0;32mI (471) app_init: App version:      f1999bb-dirty[0m
[0;32mI (476) app_init: Compile time:     Apr 28 2026 23:04:55[0m
[0;32mI (481) app_init: ELF file SHA256:  944517491...[0m
[0;32mI (485) app_init: ESP-IDF:          v6.0.1-dirty[0m
[0;32mI (490) efuse_init: Min chip rev:     v0.0[0m
[0;32mI (493) efuse_init: Max chip rev:     v3.99 [0m
[0;32mI (497) efuse_init: Chip rev:         v3.1[0m
[0;32mI (501) heap_init: Initializing. RAM available for dynamic allocation:[0m
[0;32mI (508) heap_init: At 3FFAE6E0 len 00001920 (6 KiB): DRAM[0m
[0;32mI (513) heap_init: At 3FFB9870 len 00026790 (153 KiB): DRAM[0m
[0;32mI (518) heap_init: At 3FFE0440 len 00003AE0 (14 KiB): D/IRAM[0m
[0;32mI (523) heap_init: At 3FFE4350 len 0001BCB0 (111 KiB): D/IRAM[0m
[0;32mI (529) heap_init: At 40095670 len 0000A990 (42 KiB): IRAM[0m
[0;32mI (535) spi_flash: detected chip: generic[0m
[0;32mI (538) spi_flash: flash io: dio[0m
[0;33mW (541) spi_flash: Detected size(4096k) larger than the size in the binary image header(2048k). Using the size in the binary image header.[0m
[0;32mI (555) main_task: Started on CPU0[0m
[0;32mI (565) main_task: Calling app_main()[0m
[0;32mI (605) MAIN: Inicializando NVS[0m
[0;32mI (615) MAIN: Montando SPIFFS[0m
[0;32mI (695) MAIN: Inicializando esp_bus[0m
[0;32mI (695) esp_bus: Task started[0m
[0;32mI (695) esp_bus: Initialized[0m
[0;32mI (695) MAIN: Inicializando DHT11[0m
[0;32mI (695) DHT11: DHT11 inicializado en GPIO 4[0m
[0;32mI (695) DHT11: Tarea DHT11 iniciada[0m
[0;32mI (705) MAIN: Inicializando WiFi Manager[0m
[0;32mI (725) wifi:wifi driver task: 3ffc510c, prio:23, stack:6656, core=0[0m
[0;32mI (725) wifi:wifi firmware version: b37c951[0m
[0;32mI (725) wifi:wifi certification version: v7.0[0m
[0;32mI (725) wifi:config NVS flash: enabled[0m
[0;32mI (725) wifi:config nano formatting: disabled[0m
[0;32mI (735) wifi:Init data frame dynamic rx buffer num: 32[0m
[0;32mI (735) wifi:Init static rx mgmt buffer num: 5[0m
[0;32mI (745) wifi:Init management short buffer num: 32[0m
[0;32mI (745) wifi:Init dynamic tx buffer num: 32[0m
[0;32mI (745) wifi:Init static rx buffer size: 1600[0m
[0;32mI (755) wifi:Init static rx buffer num: 10[0m
[0;32mI (755) wifi:Init dynamic rx buffer num: 32[0m
[0;32mI (765) wifi_init: rx ba win: 6[0m
[0;32mI (765) wifi_init: accept mbox: 6[0m
[0;32mI (765) wifi_init: tcpip mbox: 32[0m
[0;32mI (765) wifi_init: udp mbox: 6[0m
[0;32mI (775) wifi_init: tcp mbox: 6[0m
[0;32mI (775) wifi_init: tcp tx win: 5760[0m
[0;32mI (775) wifi_init: tcp rx win: 5760[0m
[0;32mI (785) wifi_init: tcp mss: 1440[0m
[0;32mI (785) wifi_init: WiFi IRAM OP enabled[0m
[0;32mI (785) wifi_init: WiFi RX IRAM OP enabled[0m
[0;32mI (795) phy_init: phy_version 4863,a3a4459,Oct 28 2025,14:30:06[0m
[0;33mW (795) phy_init: failed to load RF calibration data (0x1102), falling back to full calibration[0m
[0;32mI (875) phy_init: Saving new calibration data due to checksum failure or outdated calibration data, mode(2)[0m
[0;32mI (895) wifi:mode : sta (08:d1:f9:ef:7f:3c)[0m
[0;32mI (895) wifi:enable tsf[0m
[0;32mI (895) esp_bus: Registered 'wifi'[0m
[0;32mI (895) wifi_mgr_http: Initializing HTTP interface at /api/wifi[0m
[0;32mI (895) wifi_mgr: STA started[0m
[1;31mE (895) httpd: Config option max_open_sockets is too large (max allowed 7, 3 sockets used by HTTP server internally)[0m
	Either decrease this or configure LWIP_MAX_SOCKETS to a larger value
[1;31mE (915) wifi_mgr_http: Failed to start httpd: ESP_ERR_INVALID_ARG[0m
[0;33mW (925) wifi_mgr: HTTP init failed: ESP_ERR_INVALID_ARG[0m
[0;32mI (925) wifi_mgr: Task started[0m
[0;32mI (925) wifi_mgr_ap: Starting AP: ESP32-Config[0m
[0;32mI (935) wifi:mode : sta (08:d1:f9:ef:7f:3c) + softAP (08:d1:f9:ef:7f:3d)[0m
[0;32mI (945) wifi:Total power save buffer number: 16[0m
[0;32mI (945) wifi:Init max length of beacon: 752/752[0m
[0;32mI (945) wifi:Init max length of beacon: 752/752[0m
[0;32mI (955) wifi_mgr: WiFi Manager initialized, 0 networks configured[0m
[0;32mI (955) MAIN: Inicializando servidor web[0m
[0;32mI (975) wifi:Total power save buffer number: 16[0m
[0;32mI (985) esp_netif_lwip: DHCP server started on interface WIFI_AP_DEF with IP: 192.168.4.1[0m
[0;32mI (985) wifi_mgr: AP started[0m
[0;32mI (985) wifi_mgr_dns: DNS server started on port 53[0m
[0;32mI (985) wifi_mgr: AP stopped[0m
[0;32mI (985) wifi_mgr_dns: DNS server task started[0m
[0;32mI (995) esp_netif_lwip: DHCP server started on interface WIFI_AP_DEF with IP: 192.168.4.1[0m
[0;32mI (1005) wifi_mgr: AP started[0m
[0;32mI (1485) WEB_SERVER: Iniciando servidor web[0m
[0;32mI (1485) WEB_SERVER: GPIO LED configurado en 2[0m
[0;32mI (2725) DHT11: Lectura OK: T=22.0°C, H=47.0%[0m
[1;31mE (6485) WEB_SERVER: Servidor HTTP no disponible después de 5 segundos[0m
[1;31mE (6485) MAIN: Error en servidor web[0m
[0;32mI (6485) MAIN: Esperando conexión WiFi[0m
[0;32mI (10745) DHT11: Lectura OK: T=22.0°C, H=47.0%[0m
[0;32mI (18765) DHT11: Lectura OK: T=22.0°C, H=47.0%[0m
[0;32mI (26785) DHT11: Lectura OK: T=22.0°C, H=47.0%[0m
[0;32mI (34805) DHT11: Lectura OK: T=22.0°C, H=47.0%[0m
[0;33mW (36485) MAIN: WiFi no conectado - portal cautivo activo[0m
[0;32mI (42825) DHT11: Lectura OK: T=22.0°C, H=47.0%[0m
[0;32mI (50845) DHT11: Lectura OK: T=22.0°C, H=47.0%[0m
[0;32mI (58865) DHT11: Lectura OK: T=22.0°C, H=47.0%[0m
[0;32mI (66885) DHT11: Lectura OK: T=22.0°C, H=47.0%[0m
[0;32mI (74905) DHT11: Lectura OK: T=22.0°C, H=47.0%[0m
[0;32mI (82925) DHT11: Lectura OK: T=22.0°C, H=47.0%[0m
[0;32mI (90945) DHT11: Lectura OK: T=22.0°C, H=47.0%[0m
[0;32mI (98965) DHT11: Lectura OK: T=22.0°C, H=48.0%[0m
[0;32mI (106985) DHT11: Lectura OK: T=22.0°C, H=48.0%[0m
[0;32mI (115005) DHT11: Lectura OK: T=22.0°C, H=48.0%[0m
[0;32mI (123025) DHT11: Lectura OK: T=22.0°C, H=47.0%[0m
[0;32mI (131045) DHT11: Lectura OK: T=22.0°C, H=47.0%[0m
[0;32mI (139065) DHT11: Lectura OK: T=22.0°C, H=47.0%[0m
[0;32mI (147085) DHT11: Lectura OK: T=22.0°C, H=47.0%[0m
[0;32mI (155105) DHT11: Lectura OK: T=22.0°C, H=47.0%[0m
[0;32mI (163125) DHT11: Lectura OK: T=22.0°C, H=47.0%[0m
[0;32mI (171145) DHT11: Lectura OK: T=22.0°C, H=47.0%[0m
[0;32mI (179165) DHT11: Lectura OK: T=22.0°C, H=47.0%[0m
[0;32mI (187185) DHT11: Lectura OK: T=23.0°C, H=48.0%[0m
[0;32mI (195205) DHT11: Lectura OK: T=22.0°C, H=48.0%[0m
[0;32mI (203225) DHT11: Lectura OK: T=22.0°C, H=48.0%[0m
[0;32mI (211245) DHT11: Lectura OK: T=22.0°C, H=48.0%[0m
[0;32mI (219265) DHT11: Lectura OK: T=22.0°C, H=48.0%[0m
[0;32mI (227285) DHT11: Lectura OK: T=22.0°C, H=48.0%[0m
[0;32mI (235305) DHT11: Lectura OK: T=22.0°C, H=48.0%[0m
[0;32mI (243325) DHT11: Lectura OK: T=22.0°C, H=48.0%[0m
[0;32mI (251345) DHT11: Lectura OK: T=22.0°C, H=48.0%[0m
[0;32mI (259365) DHT11: Lectura OK: T=22.0°C, H=48.0%[0m
[0;32mI (267385) DHT11: Lectura OK: T=22.0°C, H=48.0%[0m
[0;32mI (275405) DHT11: Lectura OK: T=22.0°C, H=48.0%[0m
[0;32mI (283425) DHT11: Lectura OK: T=22.0°C, H=48.0%[0m
[0;32mI (291445) DHT11: Lectura OK: T=22.0°C, H=48.0%[0m
